104
        ################
        #*****#!!  t   #
        #..\..#        #
#########\\\\ # .\\\.WW#
#.............# *WWWWWW#
#..W.\\\#..!..#\**WWWWW#
#..WLW\\#WWW..#####W####
#..WWWW\#..W..*\*\*W...#
#..WWWW.T..W...\.\...\\#
#...WR.....WW   **     #
############....\.######
           #.....!#     
           ########     
