1095
        ################
        #     #        #
        #     #        #
######### **  #     .  #
#......  *..WW#        #
#.. .WW #*WWWW#***     #
#.. LW  #WWW.W##### ####
#.. R   #..W.*WWWWW ...#
#..      ..W..*WWWW    #
#..........WWWW****    #
############....\.######
           #.....!#     
           ########     
