-32
        ################
        #*****#!!WWtWWW#
        #..\..#WWWWWWWW#
#########\\\\ #W.\\\.WW#
#.............#W*WWWWWW#
#..W.\\\#..!..#\**WWWWW#
#..WLW\\#WWW..#####W####
#W.WWW\\#..W..*\*\*W...#
#WWWWW..T..W...\.\...\\#
#RWWW......WWWWW**     #
############....\.######
           #.....!#     
           ########     
