-48
        ################
        #*****#!!WWtWWW#
        #..\..#WWWWWWWW#
#########\\\\ #W.\\\.WW#
#.............#W*WWWWWW#
#..W.\\\#..!..#\**WWWWW#
#WWWLW\\#WWW..#####W####
#WWWWW\\#..W..*\*\*W...#
#RWWWW..T..W...\.\...\\#
#WWWWW.....WWWWW**     #
############....\.######
           #.....!#     
           ########     
