45
        ################
        #*****#!!WWtWWW#
        #..\..#WWWWWWWW#
#########\\\\ #W.\\\.WW#
#.............# *WWWWWW#
#..W.\\\#..!..#\**WWWWW#
#..WLW\\#WWW..#####W####
#..WWWW\#..W..*\*\*W...#
#.WWRWW.T..W...\.\...\\#
#..WWWW....WWWWW**     #
############....\.######
           #.....!#     
           ########     
