103
        ################
        #*****#!!WWtWWW#
        #..\..# WWWWWWW#
#########\\\\ # .\\\.WW#
#...WWWRW.....# *WWWWWW#
#..WW\WW#..!..#\**WWWWW#
#..WLW\W#WWW..#####W####
#..W\\\W#..W..*\*\*W...#
#.......T..W...\.\...\\#
#..........WWWWW**     #
############....\.######
           #.....!#     
           ########     
