-11
        ################
        #*****#!!  t   #
        #..\..#        #
#########\\\\ # .\\\.  #
#... .........# *      #
#..RW\\\#..!..#\**     #
#.. LW\\#WW ..#####W####
#.. \\\\#.. ..*\*\*W...#
#.......T.. ...\.\...\\#
#..........     **     #
############....\.######
           #.....!#     
           ########     
