112
        ################
        #*****#!!WWtWWW#
        #..\..#WWWWWWWW#
#########\\\\ #W.\\\.WW#
#.WWWWRW......#W*WWWWWW#
#.WW.WWW#..!..#\**WWWWW#
#..WLWWW#WWW..#####W####
#..W\\\\#..W..*\*\*W...#
#.......T..W...\.\...\\#
#..........WWWWW**     #
############....\.######
           #.....!#     
           ########     
