417
        ################
        #     #!!  t   #
        #     #        #
#########** R*# .\\\.  #
#..........**.# *WWWWW #
#..W.\\\#..W..#\**WWWW #
#..WLW\\#WWW..#####W####
#..WWWWW#..W..*\*\*W...#
#......WT..W...\.\...\\#
#......WW       **     #
############....\.######
           #.....!#     
           ########     
