154
        ################
        #*****#!!WWtWWW#
        #..\..# WWWWWWW#
#########\\\\ # .\\\.WW#
#.............# *WWWWWW#
#..W.\\\#..!..#\**WWWWW#
#..WLWW\#WWW..#####W####
#..WWWRW#..W..*\*\*W...#
#...WWWWT..W...\.\...\\#
#...WWW....WWWWW**     #
############....\.######
           #.....!#     
           ########     
