-75
        ################
        #*****#!!WWtWWW#
        #..\..#WWWWWWWW#
#########\\\\ #W.\\\.WW#
#.............#W*WWWWWW#
#WWW.\\\#..!..#\**WWWWW#
#WWWLW\\#WWW..#####W####
#WWWW\\\#..W..*\*\*W...#
#WRW....T..W...\.\...\\#
#WW........WWWWW**     #
############....\.######
           #.....!#     
           ########     
