-2
        ################
        #*****#!!WWRWWW#
        #..\..#WWWWWWWW#
#########\\\\ #W.\\\.WW#
#.............# *WWWWWW#
#WWW.\\\#..!..#\**WWWWW#
#WWWLW\\#WWW..#####W####
#WWWW\W\#..W..*\*\*W...#
#WWWWWWWW..W...\.\...\\#
#..WWWW....WWWWW**     #
############....\.######
           #.....!#     
           ########     
