46
        ################
        #*****#!!WWRWWW#
        #..\..#WWWWWWWW#
#########\\\\ #W.\\\.WW#
#.............# *WWWWWW#
#..W.\\\#..!..#\**WWWWW#
#..WLW\\#WWW..#####W####
#.WWWWW\#..W..*\*\*W...#
#..WWWW.W..W...\.\...\\#
#...WWWWWW.WWWWW**     #
############....\.######
           #.....!#     
           ########     
