-34
#######################################
#   R................#..t...\\\\\\\T..#
#**   ...##############################
#.. * ................................#
#.. ........       \            ......#
#.. .*. ....**.*...#....... ..........#
#.. ... ....\\\\...#.T..... ..........#
#.. ... ....\ .....#.......    *  \\..#
#.. ... ....\......#....... ..........#
#.. ... ....\......#....... ..........#
#..*... ...........#................**#
#..\\\\\...........#................\\#
########### ############## ############
#...*.................................#
#....*..................        ......#
#... .*....*.............. ..... .....#
#....*t*........########.. ..... .....L
#...*...*.......#\\\#..... ...*.......#
#.....\\\.......#\\\#....**..***......#
#....    .......#\\\#*................#
#...............#\\\#*...**...*.......#
#...............#.....................#
######       ############## ### #######
#\\\\\\\\\\\\\\\\\\\\\\\\\\\\\\\\\\\\\#
#######################################
