1608
#######################################
#    ...             #..            ..#
#** *    ##############################
#.. .... .............................#
#.. ...                            ...#
#.. .*.  ..   . .. #. ..... ...... ...#
#.. ...  ..*   *   #. ..... ...... ...#
#.. ...  ... *.....#.......    *     .#
#.. ...  ... ......#....... ........ .#
#.           ......#....... ........ .#
#.*  ..  ..........#................  #
#..         .......#......         * *#
########### ############## ############
#...*...... .............  ...........#
#....*.....  ...........        ......#
#... . ....* ............  ..... .....#
#....***.... ...########.  ..... .....O
#...*.R. ... ...#   #.      ..*.......#
#.....       ...#   #.  .** .***......#
#....   *..  ...#   #   ... ..........#
#.......... ....#   #   .** ..*.......#
#.......... ....#    * *... ..........#
######       ############## ### #######
#                                     #
#######################################
