-25
############     
#..* R  *..#     
#..T. ..T..######
#....t.. ..#\\\T#
#......* *.#\\\t#
########L########
