167
############     
#..    . ..#     
#..*.    ..######
#....t.. ..#\ RT#
#......***.#\   #
########L########
