-11
############     
#..*  ..*..#     
#..T ...T..######
#...Rt.. ..#\\\T#
#......* *.#\\\t#
########L########
