-74
#####L######
#R      ..T#
#       ...#
#    #@\ ..#
#\...#*  ###
#\.........#
#\..*.@....#
####@@.  ..#
#....#.. ###
#....#..**.#
#.t..#  .\\#
############
