-72
#####L######
#..     ..T#
#..       .#
#\   # \ R.#
#\.. #   ###
#\..     ..#
#\..*.     #
####@@\*   #
#....#.. ###
#....#..**.#
#.t..#  .\\#
############
