106
#####L######
#R..   ...T#
#     .....#
#    #@\ ..#
#    #*  ###
#    ......#
#   *.@....#
####@@.  ..#
#....#.. ###
#....#..**.#
#.t..#  .\\#
############
