-49
#####L######
#..   ....T#
#.  . .....#
#\   #@\ ..#
#\   #*  ###
#\R  ......#
#\. *.@....#
####@@.  ..#
#....#.. ###
#....#..**.#
#.t..#  .\\#
############
