62
#####L######
#     ....T#
#    ......#
#    #@\ ..#
#  ..#*  ###
#  ........#
#\ R*.@....#
####@@.  ..#
#....#.. ###
#....#..**.#
#.t..#  .\\#
############
