60
#####L######
#R     ...T#
#      ....#
#    #@\ ..#
#  ..#*  ###
#  ........#
#  .*.@....#
####@@.  ..#
#....#.. ###
#....#..**.#
#.t..#  .\\#
############
