33
#####L######
#..   ....T#
#     .....#
#   R#@\ ..#
#    #*  ###
#    ......#
#\ .*.@....#
####@@.  ..#
#....#.. ###
#....#..**.#
#.t..#  .\\#
############
