106
#####L######
#      ...T#
#  .    ...#
#    #R  ..#
#    #\  ###
#     *....#
#   *.@....#
####@@.  ..#
#....#.. ###
#....#..**.#
#.t..#  .\\#
############
