-81
#################
#T       .@@@@@@#
#     R  #*...*t#
#   ##########*##
#    @   \\\\#* #
#  . #   #####*.#
#    #####    * #
#L   ......   . #
#################
