-45
#################
#T       .@@@@@@#
#  ..    #*...*t#
#  .##########*##
#   .@   \\\\#* #
#    #   #####*.#
#    #####    * #
#L   R.....   . #
#################
