63
#################         
# \\\\#   *  *  #         
#  ##   !!#..@. ####      
#     @...####.....#      
#*\   \@...........#      
#R  # .\@    #  #.########
#   # ..\@   #   ..  WWWW#
#   # .. \@  #   ..  WWWW#
#   # *.. \@    #######WW#
#   # ###  \@   #     #WW#
### #       \@  #     ##L#
#.  # @**@@**\@ #         
#    \.......!\##         
#################         
