-43
#################         
# \\\\#   *  *  #         
#  ##   !!#..@. ####      
#*    @...####.....#      
#\\   \@...........#      
#\  # .\@    #  #.########
#\  # ..\@   #   ..WWWWWW#
#\  # .. \@  #   ..WWWWWW#
#\  # *.. \@    #######WW#
#\  # ###  \@   #     #WW#
### #       \@  #     ##L#
#   #   *@@**\@ #         
# R    *.....!\##         
#################         
