-76
     ######            
     #....#            
     #.**.#            
     #.**.#            
     #.**.#            
######.\\.######       
#**....*.......#       
#\\....L\\\....#       
#T..      ***..#       
######  **..###########
     ###.R...*.....\\\#
       #\\\\#..t...\\\#
       #\\\\#......\\\#
       ################
