-25
     ######            
     #....#            
     #.**.#            
     #.**.#            
     #.**.#            
######.\\.######       
#**....*.......#       
#\\...RL\\\....#       
#T.... .*****..#       
######  ....###########
     ###.....*.....\\\#
       #\\\\#..t...\\\#
       #\\\\#......\\\#
       ################
