40
     ######            
     #....#            
     #.  .#            
     #.  .#            
     #.  .#            
######    ######       
#**... ** .....#       
#\\.. *LR \....#       
#T...** *****..#       
######**....###########
     ###.....*.....\\\#
       #\\\\#..t...\\\#
       #\\\\#......\\\#
       ################
