-2
     ######            
     #....#            
     #.**.#            
     #.**.#            
     #.**.#            
######.\\.######       
#**....*.......#       
#\\...RL\\\....#       
#T.... .*****..#       
###### .....###########
     ###.....*.....\\\#
       #\\\\#..t...\\\#
       #\\\\#......\\\#
       ################
