-68
     ######            
     #....#            
     #.**.#            
     #.**.#            
     #.**.#            
######.\\.######       
#**.   *.......#       
#\\.   L\\\....#       
#T..R   *****..#       
######  ....###########
     ###.....*.....\\\#
       #\\\\#..t...\\\#
       #\\\\#......\\\#
       ################
