23
     ######            
     #....#            
     #.**.#            
     #.**.#            
     #.**.#            
######.\\.######       
#**....*.......#       
#\\....L\\\....#       
#T.....   ***..#       
###### *  ..###########
     ###  ...*.....\\\#
       # *\\#..t...\\\#
       #\R\\#......\\\#
       ################
