45
##############################
# R .........................#
#   ......................W..#
#    \\\\\\\\\\\\\\\\\\\\\\..#
#.   ........................#
#..*****.*\...*...*...*****..#
#..*\....*\....*\*..*.\\*\\..#
#..*\....****..!*!......*....#
#..*\....*\....*\*..*...*....#
#..*\....*\...*...*.....*....#
#............................#
#..\\\\\\\\\\\\\\\\\\\\\\\\..#
#................ .....W.....#
#................    WWW....L#
##############################
