-46
##############################
#   .........................#
#  .......................W..#
# .\\\\\\\\\\\\\\\\\\\\\\\\..#
#R...........................#
#..*****.*\...*...*...*****..#
#..*\....*\....*\*..*.\\*\\..#
#..*\....****..!*!......*....#
#..*\....*\....*\*..*...*....#
#..*\....*\...*...*.....*....#
#............................#
#..\\\\\\\\\\\\\\\\\\\\\\\\..#
#................ .....W.....#
#................     WW....L#
##############################
