-58
##############################
#   .........................#
#   ......................W..#
#. \\\\\\\\\\\\\\\\\\\\\\\\..#
#R ..........................#
#   ****.*\...*...*...*****..#
#  *\....*\....*\*..*.\\*\\..#
# **\....****..!*!......*....#
#..*\....*\....*\*..*...*....#
#..*\....*\...*...*.....*....#
#............................#
#..\\\\\\\\\\\\\\\\\\\\\\\\..#
#................ .....W.....#
#................    WWW....L#
##############################
