-12
##############################
#  ..........................#
#   ......................W..#
#R \\\\\\\\\\\\\\\\\\\\\\\\..#
#............................#
#..*****.*\...*...*...*****..#
#..*\....*\....*\*..*.\\*\\..#
#..*\....****..!*!......*....#
#..*\....*\....*\*..*...*....#
#..*\....*\...*...*.....*....#
#............................#
#..\\\\\\\\\\\\\\\\\\\\\\\\..#
#................ ..... .....#
#................      W....L#
##############################
