38
##############################
#   .........................#
#   ......................W..#
#   R \\\\\\\\\\\\\\\\\\\\\..#
#..   .......................#
#..*****.*\...*...*...*****..#
#..*\....*\....*\*..*.\\*\\..#
#..*\....****..!*!......*....#
#..*\....*\....*\*..*...*....#
#..*\....*\...*...*.....*....#
#............................#
#..\\\\\\\\\\\\\\\\\\\\\\\\..#
#................ .....W.....#
#................  WWWWW....L#
##############################
