-3
##########
#*   \\\\#
#.  .    #
# \* ..*\#
#! R ..*!#
####   # #
#\\... # L
#\\.W... #
#\\.     #
##########
