-11
##########
#*   \\\\#
#.       #
# \   .*\#
#! *  R*!#
####   # #
#\\... # L
#\\.W... #
#\\.     #
##########
