79
##########
#* R   \\#
#.       #
#    . *\#
#!*  ..*!#
####   # #
#\\... # L
#\\.W...W#
#\\.WWWWW#
##########
