156
##########
#    \\\\#
#        #
#*    .*\#
#!*    *!#
####   #W#
#  WW. #WL
#\  W...W#
#\R WWWWW#
##########
