-109
           ##########        
        ####..******####     
      ###..  tTTTTTT...###   
      ##                 ##  
     ###                  ## 
    ###.....\\\...\\\.....###
    #..     \\\   \\\      ##
    ##          *          ##
     ###       ****       ## 
       #*****************##  
       ###..............##   
         ###.....WW....##    
           ####WWWRW####     
              ##L####        
               .....         
           ######  ######    
          ##t\! T##t !\T##   
           ######  ######    
