-10
           ##########        
        ####..******####     
      ###..  tTTTTTT...###   
      ##                 ##  
     ###                  ## 
    ###.....\\\...\\\.....###
    #..     \\\   \\\      ##
    ##          *          ##
     ###       ****       ## 
       #****  ***********##  
       ###..* ..........##   
         ###R*WWW......##    
           ####WW..W####     
              ##L####        
               .....         
           ######  ######    
          ##t\! T##t !\T##   
           ######  ######    
