-9
           ##########        
        ####..******####     
      ###..  tTTTTTT...###   
      ##                 ##  
     ###                  ## 
    ###.....\\\...\\\.....###
    #..     \\\   \\\      ##
    ##          *          ##
     ###       ***        ## 
       #*********** *****##  
       ###........**....##   
         ###....W WR...##    
           ####WW..W####     
              ##L####        
               .....         
           ######  ######    
          ##t\! T##t !\T##   
           ######  ######    
