-49
           ##########        
        ####..******####     
      ###..  tTTTTTT...###   
      ##                 ##  
     ###                  ## 
    ###.....\\\...\\\.....###
    #..     \\\   \\\      ##
    ##          *          ##
     ###       ****       ## 
       #***   ***********##  
       ###R***..........##   
         ###.WWWWWW....##    
           ####WWWWW####     
              ##L####        
               .....         
           ######  ######    
          ##t\! T##t !\T##   
           ######  ######    
